[themes.iki-bir.com/lydia/index.html]
[themes.iki-bir.com/lydia/style/images/favicon.png]
[backblue.gif]
[fade.gif]
[index.html]
[themes.iki-bir.com/lydia/style/css/bootstrap.min.css]
[themes.iki-bir.com/lydia/style/css/plugins.css]
[themes.iki-bir.com/lydia/style.css]
[themes.iki-bir.com/lydia/style/css/color/blue.css]
[themes.iki-bir.com/lydia/style/type/icons.css]
[themes.iki-bir.com/lydia/index-2.html]
[themes.iki-bir.com/lydia/index2.html]
[themes.iki-bir.com/lydia/index3.html]
[themes.iki-bir.com/lydia/index4.html]
[themes.iki-bir.com/lydia/index5.html]
[themes.iki-bir.com/lydia/index6.html]
[themes.iki-bir.com/lydia/index7.html]
[themes.iki-bir.com/lydia/index8.html]
[themes.iki-bir.com/lydia/onepage.html]
[themes.iki-bir.com/lydia/about2.html]
[themes.iki-bir.com/lydia/portfolio.html]
[themes.iki-bir.com/lydia/portfolio2.html]
[themes.iki-bir.com/lydia/portfolio3.html]
[themes.iki-bir.com/lydia/portfolio4.html]
[themes.iki-bir.com/lydia/portfolio5.html]
[themes.iki-bir.com/lydia/portfolio-post.html]
[themes.iki-bir.com/lydia/portfolio-post2.html]
[themes.iki-bir.com/lydia/portfolio-post3.html]
[themes.iki-bir.com/lydia/portfolio-post4.html]
[themes.iki-bir.com/lydia/blog.html]
[themes.iki-bir.com/lydia/blog2.html]
[themes.iki-bir.com/lydia/blog3.html]
[themes.iki-bir.com/lydia/blog4.html]
[themes.iki-bir.com/lydia/blog-post.html]
[themes.iki-bir.com/lydia/blog-post2.html]
[themes.iki-bir.com/lydia/about.html]
[themes.iki-bir.com/lydia/services.html]
[themes.iki-bir.com/lydia/contact.html]
[themes.iki-bir.com/lydia/contact2.html]
[themes.iki-bir.com/lydia/elements.html]
[themes.iki-bir.com/lydia/headings.html]
[themes.iki-bir.com/lydia/pricing.html]
[themes.iki-bir.com/lydia/social.html]
[themes.iki-bir.com/lydia/disqus.html]
[themes.iki-bir.com/lydia/icon-budicon.html]
[themes.iki-bir.com/lydia/icon-fontello.html]
[themes.iki-bir.com/lydia/style/video/nyc.jpg]
[themes.iki-bir.com/lydia/style/images/art/slider-bg3.jpg]
[themes.iki-bir.com/lydia/style/video/nyc.mp4]
[themes.iki-bir.com/lydia/style/video/nyc.webm]
[themes.iki-bir.com/lydia/style/images/art/slider-bg1.jpg]
[themes.iki-bir.com/lydia/style/images/art/slider-bg2.jpg]
[themes.iki-bir.com/lydia/style/images/art/s1.jpg]
[themes.iki-bir.com/lydia/style/images/art/s2.jpg]
[themes.iki-bir.com/lydia/style/images/art/p1.jpg]
[themes.iki-bir.com/lydia/style/images/art/s3.jpg]
[themes.iki-bir.com/lydia/style/images/art/p2.jpg]
[themes.iki-bir.com/lydia/style/images/art/p2-full.jpg]
[themes.iki-bir.com/lydia/style/images/art/p3.jpg]
[themes.iki-bir.com/lydia/style/images/art/p3-full.jpg]
[themes.iki-bir.com/lydia/style/images/art/p4.jpg]
[themes.iki-bir.com/lydia/style/images/art/p4-full.jpg]
[themes.iki-bir.com/lydia/style/images/art/p5.jpg]
[themes.iki-bir.com/lydia/style/images/art/p5-full.jpg]
[themes.iki-bir.com/lydia/style/images/art/p6.jpg]
[themes.iki-bir.com/lydia/style/images/art/p6-full.jpg]
[themes.iki-bir.com/lydia/style/images/art/p7.jpg]
[themes.iki-bir.com/lydia/style/images/art/p8.jpg]
[themes.iki-bir.com/lydia/style/images/art/p8-full.jpg]
[themes.iki-bir.com/lydia/style/images/art/p9-full.jpg]
[themes.iki-bir.com/lydia/style/images/art/p9.jpg]
[themes.iki-bir.com/lydia/style/images/art/p10.jpg]
[themes.iki-bir.com/lydia/style/images/art/p10-full.jpg]
[themes.iki-bir.com/lydia/style/images/art/p11-full.jpg]
[themes.iki-bir.com/lydia/style/images/art/p11.jpg]
[themes.iki-bir.com/lydia/style/images/art/p12.jpg]
[themes.iki-bir.com/lydia/style/images/art/p12-full.jpg]
[themes.iki-bir.com/lydia/style/images/art/p13.jpg]
[themes.iki-bir.com/lydia/ajax/loadmore2.html]
[themes.iki-bir.com/lydia/style/images/art/p13-full.jpg]
[themes.iki-bir.com/lydia/style/images/art/b1.jpg]
[themes.iki-bir.com/lydia/style/images/art/b2.jpg]
[themes.iki-bir.com/lydia/style/images/art/b3.jpg]
[themes.iki-bir.com/lydia/style/images/art/b4.jpg]
[themes.iki-bir.com/lydia/style/images/art/b5.jpg]
[themes.iki-bir.com/lydia/style/images/art/b6.jpg]
[themes.iki-bir.com/lydia/style/images/art/a1.jpg]
[themes.iki-bir.com/lydia/style/images/art/a2.jpg]
[themes.iki-bir.com/lydia/style/images/art/a3.jpg]
[themes.iki-bir.com/lydia/style/js/jquery.min.js]
[themes.iki-bir.com/lydia/style/js/bootstrap.min.js]
[themes.iki-bir.com/lydia/style/images/art/about.jpg]
[themes.iki-bir.com/lydia/style/js/classie.js]
[themes.iki-bir.com/lydia/style/js/jquery.themepunch.tools.min.js]
[themes.iki-bir.com/lydia/style/js/scripts.js]
[themes.iki-bir.com/lydia/switcher/aqua.css]
[themes.iki-bir.com/lydia/switcher/blue.css]
[themes.iki-bir.com/lydia/switcher/brown.css]
[themes.iki-bir.com/lydia/switcher/forest.css]
[themes.iki-bir.com/lydia/switcher/green.css]
[themes.iki-bir.com/lydia/style/js/plugins.js]
[themes.iki-bir.com/lydia/switcher/lime.css]
[themes.iki-bir.com/lydia/switcher/orange.css]
[themes.iki-bir.com/lydia/switcher/pink.css]
[themes.iki-bir.com/lydia/switcher/purple.css]
[themes.iki-bir.com/lydia/switcher/red.css]
[themes.iki-bir.com/lydia/switcher/rose.css]
[themes.iki-bir.com/lydia/index.html]
[themes.iki-bir.com/lydia/switcher/switchstylesheet.js]
[themes.iki-bir.com/lydia/style/css/bootstrap.min.css]
[themes.iki-bir.com/lydia/style/images/cbp/cbp-loading.gif]
[themes.iki-bir.com/lydia/style/images/cbp/cbp-sprite.png]
[themes.iki-bir.com/lydia/style/css/plugins.css]
[themes.iki-bir.com/lydia/style/images/cbp/cbp-loading-popup.gif]
[themes.iki-bir.com/lydia/style/images/timer.png]
[themes.iki-bir.com/lydia/style/images/art/parallax2.jpg]
[themes.iki-bir.com/lydia/style/images/art/parallax1.jpg]
[themes.iki-bir.com/lydia/style/images/art/parallax3.jpg]
[themes.iki-bir.com/lydia/style.css]
[themes.iki-bir.com/lydia/style/css/color/blue.css]
[themes.iki-bir.com/lydia/style/type/fontello/fontello.eot]
[themes.iki-bir.com/lydia/style/video/fish.jpg]
[themes.iki-bir.com/lydia/style/type/fontello/fontellod41d.eot]
[themes.iki-bir.com/lydia/style/type/fontello/fontello.woff]
[themes.iki-bir.com/lydia/style/type/fontello/fontello.ttf]
[themes.iki-bir.com/lydia/style/type/fontello/fontello.svg]
[themes.iki-bir.com/lydia/style/type/fontello/fontello-social.eot]
[themes.iki-bir.com/lydia/style/type/fontello/fontello-sociald41d.eot]
[themes.iki-bir.com/lydia/style/type/fontello/fontello-social.woff]
[themes.iki-bir.com/lydia/style/type/fontello/fontello-social.ttf]
[themes.iki-bir.com/lydia/style/type/fontello/fontello-social.svg]
[themes.iki-bir.com/lydia/style/type/fontello/fontello-circlee8cb.eot]
[themes.iki-bir.com/lydia/style/type/fontello/fontello-circlee8cb.woff]
[themes.iki-bir.com/lydia/style/type/fontello/fontello-circlee8cb.ttf]
[themes.iki-bir.com/lydia/style/type/fontello/fontello-circlee8cb.svg]
[themes.iki-bir.com/lydia/style/type/elemis/dia01bc.eot]
[themes.iki-bir.com/lydia/style/type/elemis/diad41d.eot]
[themes.iki-bir.com/lydia/style/type/elemis/dia01bc.ttf]
[themes.iki-bir.com/lydia/style/type/elemis/dia01bc.woff]
[themes.iki-bir.com/lydia/style/type/elemis/dia01bc.svg]
[themes.iki-bir.com/lydia/style/type/budicons/budicon.eot]
[themes.iki-bir.com/lydia/style/type/budicons/budicon.woff]
[themes.iki-bir.com/lydia/style/type/budicons/budicond41d.eot]
[themes.iki-bir.com/lydia/style/type/budicons/budicon.ttf]
[themes.iki-bir.com/lydia/style/type/budicons/budicon.svg]
[themes.iki-bir.com/lydia/style/type/icons.css]
[themes.iki-bir.com/lydia/index-2.html]
[themes.iki-bir.com/lydia/ajax/project1.html]
[themes.iki-bir.com/lydia/ajax/project2.html]
[themes.iki-bir.com/lydia/style/images/art/pf1.jpg]
[themes.iki-bir.com/lydia/ajax/project3.html]
[themes.iki-bir.com/lydia/style/images/art/pf2.jpg]
[themes.iki-bir.com/lydia/ajax/project4.html]
[themes.iki-bir.com/lydia/style/images/art/pf3.jpg]
[themes.iki-bir.com/lydia/ajax/project5.html]
[themes.iki-bir.com/lydia/style/images/art/pf4.jpg]
[themes.iki-bir.com/lydia/style/images/art/pf6.jpg]
[themes.iki-bir.com/lydia/style/images/art/pf5.jpg]
[themes.iki-bir.com/lydia/style/images/art/pf8.jpg]
[themes.iki-bir.com/lydia/style/images/art/pf7.jpg]
[themes.iki-bir.com/lydia/style/images/art/pf9.jpg]
[themes.iki-bir.com/lydia/style/images/art/pf10.jpg]
[themes.iki-bir.com/lydia/style/images/art/pf12.jpg]
[themes.iki-bir.com/lydia/style/images/art/pf11.jpg]
[themes.iki-bir.com/lydia/style/images/art/pf14.jpg]
[themes.iki-bir.com/lydia/style/images/art/pf13.jpg]
[themes.iki-bir.com/lydia/style/images/art/pf15.jpg]
[themes.iki-bir.com/lydia/style/images/art/pf16.jpg]
[themes.iki-bir.com/lydia/style/images/art/pf18.jpg]
[themes.iki-bir.com/lydia/style/images/art/pf17.jpg]
[themes.iki-bir.com/lydia/style/images/art/pf19.jpg]
[themes.iki-bir.com/lydia/style/images/art/pf20.jpg]
[themes.iki-bir.com/lydia/style/images/art/pf22.jpg]
[themes.iki-bir.com/lydia/style/images/art/pf21.jpg]
[themes.iki-bir.com/lydia/style/images/art/pf23.jpg]
[themes.iki-bir.com/lydia/index2.html]
[themes.iki-bir.com/lydia/style/images/art/pf24.jpg]
[themes.iki-bir.com/lydia/style/images/art/pf1-full.jpg]
[themes.iki-bir.com/lydia/style/images/art/pf2-full.jpg]
[themes.iki-bir.com/lydia/style/images/art/pf3-full.jpg]
[themes.iki-bir.com/lydia/style/images/art/pf4-full.jpg]
[themes.iki-bir.com/lydia/style/images/art/pf6-full.jpg]
[themes.iki-bir.com/lydia/style/images/art/pf5-full.jpg]
[themes.iki-bir.com/lydia/style/images/art/pf8-full.jpg]
[themes.iki-bir.com/lydia/style/images/art/pf7-full.jpg]
[themes.iki-bir.com/lydia/style/images/art/pf9-full.jpg]
[themes.iki-bir.com/lydia/style/images/art/pf10-full.jpg]
[themes.iki-bir.com/lydia/style/images/art/pf11-full.jpg]
[themes.iki-bir.com/lydia/style/images/art/pf12-full.jpg]
[themes.iki-bir.com/lydia/style/images/art/pf14-full.jpg]
[themes.iki-bir.com/lydia/style/images/art/pf13-full.jpg]
[themes.iki-bir.com/lydia/style/images/art/pf15-full.jpg]
[themes.iki-bir.com/lydia/style/images/art/pf16-full.jpg]
[themes.iki-bir.com/lydia/style/images/art/pf18-full.jpg]
[themes.iki-bir.com/lydia/style/images/art/pf17-full.jpg]
[themes.iki-bir.com/lydia/style/images/art/pf19-full.jpg]
[themes.iki-bir.com/lydia/style/images/art/pf20-full.jpg]
[themes.iki-bir.com/lydia/style/images/art/pf25.jpg]
[themes.iki-bir.com/lydia/index3.html]
[themes.iki-bir.com/lydia/style/images/art/pf26.jpg]
[themes.iki-bir.com/lydia/style/images/art/pf21-full.jpg]
[themes.iki-bir.com/lydia/style/images/art/pf27.jpg]
[themes.iki-bir.com/lydia/style/images/art/sp1-1.jpg]
[themes.iki-bir.com/lydia/style/images/art/sp1-2.jpg]
[themes.iki-bir.com/lydia/style/images/art/sp1-5.jpg]
[themes.iki-bir.com/lydia/style/images/art/sp1-3.jpg]
[themes.iki-bir.com/lydia/style/images/art/sp1-4.jpg]
[themes.iki-bir.com/lydia/style/images/art/sp2-3.jpg]
[themes.iki-bir.com/lydia/style/images/art/sp2-4.jpg]
[themes.iki-bir.com/lydia/style/images/art/sp2-2.jpg]
[themes.iki-bir.com/lydia/style/images/art/sp2-1.jpg]
[themes.iki-bir.com/lydia/style/images/art/sp3-1.jpg]
[themes.iki-bir.com/lydia/style/images/art/sp3-3.jpg]
[themes.iki-bir.com/lydia/style/images/art/sp3-2.jpg]
[themes.iki-bir.com/lydia/style/images/art/sp4-1.jpg]
[themes.iki-bir.com/lydia/style/images/art/sp3-4.jpg]
[themes.iki-bir.com/lydia/style/images/art/sp4-3.jpg]
[themes.iki-bir.com/lydia/style/images/art/sp4-4.jpg]
[themes.iki-bir.com/lydia/style/images/art/sp4-5.jpg]
[themes.iki-bir.com/lydia/style/images/art/sp5-1.jpg]
[themes.iki-bir.com/lydia/style/images/art/sp5-3.jpg]
[themes.iki-bir.com/lydia/style/images/art/sp5-2.jpg]
[themes.iki-bir.com/lydia/style/images/art/sp4-2.jpg]
[themes.iki-bir.com/lydia/style/images/art/sp6-1.jpg]
[themes.iki-bir.com/lydia/style/images/art/sp6-3.jpg]
[themes.iki-bir.com/lydia/style/images/art/sp6-2.jpg]
[themes.iki-bir.com/lydia/style/images/art/sp5-4.jpg]
[themes.iki-bir.com/lydia/style/images/art/sp7-2.jpg]
[themes.iki-bir.com/lydia/style/images/art/sp7-3.jpg]
[themes.iki-bir.com/lydia/style/images/art/sp7-1.jpg]
[themes.iki-bir.com/lydia/style/images/art/sp7-4.jpg]
[themes.iki-bir.com/lydia/style/images/art/sp8-1.jpg]
[themes.iki-bir.com/lydia/style/images/art/sp8-2.jpg]
[themes.iki-bir.com/lydia/style/images/art/sp7-6.jpg]
[themes.iki-bir.com/lydia/style/images/art/sp8-3.jpg]
[themes.iki-bir.com/lydia/style/images/art/sp7-5.jpg]
[themes.iki-bir.com/lydia/style/images/art/sp8-4.jpg]
[themes.iki-bir.com/lydia/style/images/art/sp9-3.jpg]
[themes.iki-bir.com/lydia/style/images/art/sp9-4.jpg]
[themes.iki-bir.com/lydia/index4.html]
[themes.iki-bir.com/lydia/style/images/art/sp9-2.jpg]
[themes.iki-bir.com/lydia/style/images/art/sp9-1.jpg]
[themes.iki-bir.com/lydia/style/images/art/bs3.jpg]
[themes.iki-bir.com/lydia/style/images/art/b7.jpg]
[themes.iki-bir.com/lydia/style/images/art/bs1.jpg]
[themes.iki-bir.com/lydia/style/images/art/sp9-5.jpg]
[themes.iki-bir.com/lydia/index5.html]
[themes.iki-bir.com/lydia/index6.html]
[themes.iki-bir.com/lydia/style/images/art/b8.jpg]
[themes.iki-bir.com/lydia/style/images/art/bs2.jpg]
[themes.iki-bir.com/lydia/style/images/art/b9.jpg]
[themes.iki-bir.com/lydia/style/images/art/bc1.jpg]
[themes.iki-bir.com/lydia/style/images/art/bc4.jpg]
[themes.iki-bir.com/lydia/style/images/art/bc3.jpg]
[themes.iki-bir.com/lydia/style/images/art/bc2.jpg]
[themes.iki-bir.com/lydia/style/images/art/bc6.jpg]
[themes.iki-bir.com/lydia/style/images/art/bc5.jpg]
[themes.iki-bir.com/lydia/style/images/art/bc7.jpg]
[themes.iki-bir.com/lydia/style/images/art/bc8.jpg]
[themes.iki-bir.com/lydia/style/images/art/bcb2-1.jpg]
[themes.iki-bir.com/lydia/style/images/art/bcb1.jpg]
[themes.iki-bir.com/lydia/style/images/art/bcb2-2.jpg]
[themes.iki-bir.com/lydia/style/images/art/bct1.jpg]
[themes.iki-bir.com/lydia/style/images/art/bct1-full.jpg]
[themes.iki-bir.com/lydia/style/images/art/bct2.jpg]
[themes.iki-bir.com/lydia/style/images/art/bct3.jpg]
[themes.iki-bir.com/lydia/style/images/art/bct3-full.jpg]
[themes.iki-bir.com/lydia/style/images/art/bct4.jpg]
[themes.iki-bir.com/lydia/style/images/art/bct5.jpg]
[themes.iki-bir.com/lydia/style/images/art/bct2-full.jpg]
[themes.iki-bir.com/lydia/style/images/art/bct4-full.jpg]
[themes.iki-bir.com/lydia/style/images/art/bct6.jpg]
[themes.iki-bir.com/lydia/style/images/art/bct5-full.jpg]
[themes.iki-bir.com/lydia/style/images/art/bct7.jpg]
[themes.iki-bir.com/lydia/style/images/art/bct7-full.jpg]
[themes.iki-bir.com/lydia/index7.html]
[themes.iki-bir.com/lydia/style/images/art/bct8.jpg]
[themes.iki-bir.com/lydia/index8.html]
[themes.iki-bir.com/lydia/style/video/fish.mp4]
[themes.iki-bir.com/lydia/style/images/art/about2.jpg]
[themes.iki-bir.com/lydia/style/images/art/bct6-full.jpg]
[themes.iki-bir.com/lydia/style/video/fish.webm]
[themes.iki-bir.com/lydia/style/images/art/bct8-full.jpg]
[maps.googleapis.com/maps/api/jsc65c]
[themes.iki-bir.com/lydia/style/images/art/about3.jpg]
[themes.iki-bir.com/lydia/onepage.html]
[themes.iki-bir.com/lydia/style/images/art/t1.jpg]
[themes.iki-bir.com/lydia/style/images/art/t2.jpg]
[themes.iki-bir.com/lydia/style/images/art/t3.jpg]
[themes.iki-bir.com/lydia/style/images/art/t4.jpg]
[themes.iki-bir.com/lydia/style/images/art/t2-1.jpg]
[themes.iki-bir.com/lydia/style/images/art/t2-2.jpg]
[themes.iki-bir.com/lydia/style/images/art/t2-3.jpg]
[themes.iki-bir.com/lydia/style/images/art/t2-4.jpg]
[themes.iki-bir.com/lydia/about2.html]
[themes.iki-bir.com/lydia/ajax/loadmore.html]
[themes.iki-bir.com/lydia/portfolio.html]
[themes.iki-bir.com/lydia/portfolio2.html]
[themes.iki-bir.com/lydia/portfolio3.html]
[themes.iki-bir.com/lydia/portfolio4.html]
[themes.iki-bir.com/lydia/portfolio5.html]
[themes.iki-bir.com/lydia/style/images/art/thecompany.jpg]
[themes.iki-bir.com/lydia/style/images/art/pg1.jpg]
[themes.iki-bir.com/lydia/style/images/art/pg2.jpg]
[themes.iki-bir.com/lydia/style/images/art/pg3.jpg]
[themes.iki-bir.com/lydia/style/images/art/pg4.jpg]
[themes.iki-bir.com/lydia/style/images/art/pg5.jpg]
[themes.iki-bir.com/lydia/style/images/art/pg6.jpg]
[themes.iki-bir.com/lydia/style/images/art/pg7.jpg]
[themes.iki-bir.com/lydia/portfolio-post.html]
[themes.iki-bir.com/lydia/portfolio-post2.html]
[themes.iki-bir.com/lydia/portfolio-post3.html]
[themes.iki-bir.com/lydia/portfolio-post4.html]
[themes.iki-bir.com/lydia/blog.html]
[themes.iki-bir.com/lydia/blog2.html]
[themes.iki-bir.com/lydia/blog3.html]
[themes.iki-bir.com/lydia/blog4.html]
[themes.iki-bir.com/lydia/style/images/art/pg8.jpg]
[themes.iki-bir.com/lydia/style/images/art/b2-full.jpg]
[themes.iki-bir.com/lydia/style/images/art/author.jpg]
[themes.iki-bir.com/lydia/style/images/art/u1.jpg]
[themes.iki-bir.com/lydia/style/images/art/u2.jpg]
[themes.iki-bir.com/lydia/style/images/art/u3.jpg]
[themes.iki-bir.com/lydia/style/images/art/b3-full.jpg]
[themes.iki-bir.com/lydia/blog-post.html]
[themes.iki-bir.com/lydia/blog-post2.html]
[themes.iki-bir.com/lydia/about.html]
[themes.iki-bir.com/lydia/style/images/art/u4.jpg]
[themes.iki-bir.com/lydia/style/images/art/c1.png]
[themes.iki-bir.com/lydia/style/images/art/c2.png]
[themes.iki-bir.com/lydia/style/images/art/c3.png]
[themes.iki-bir.com/lydia/style/images/art/c4.png]
[themes.iki-bir.com/lydia/style/images/art/c6.png]
[themes.iki-bir.com/lydia/style/images/art/c5.png]
[themes.iki-bir.com/lydia/style/images/art/c7.png]
[themes.iki-bir.com/lydia/services.html]
[themes.iki-bir.com/lydia/contact.html]
[themes.iki-bir.com/lydia/contact2.html]
[themes.iki-bir.com/lydia/elements.html]
[themes.iki-bir.com/lydia/headings.html]
[themes.iki-bir.com/lydia/pricing.html]
[themes.iki-bir.com/lydia/social.html]
[themes.iki-bir.com/lydia/style/images/art/c8.png]
[themes.iki-bir.com/lydia/disqus.html]
[themes.iki-bir.com/lydia/style/images/art/disqus.jpg]
[themes.iki-bir.com/lydia/icon-budicon.html]
[themes.iki-bir.com/lydia/icon-fontello.html]
[themes.iki-bir.com/lydia/ajax/loadmore2.html]
[themes.iki-bir.com/lydia/first.last@email.html]
[themes.iki-bir.com/lydia/switcher/aqua.css]
[themes.iki-bir.com/lydia/switcher/blue.css]
[themes.iki-bir.com/lydia/switcher/brown.css]
[themes.iki-bir.com/lydia/switcher/forest.css]
[themes.iki-bir.com/lydia/switcher/green.css]
[themes.iki-bir.com/lydia/switcher/lime.css]
[themes.iki-bir.com/lydia/switcher/orange.css]
[themes.iki-bir.com/lydia/switcher/pink.css]
[themes.iki-bir.com/lydia/switcher/purple.css]
[themes.iki-bir.com/lydia/switcher/red.css]
[themes.iki-bir.com/lydia/switcher/rose.css]
[themes.iki-bir.com/lydia/style/fonts/glyphicons-halflings-regular.html]
[themes.iki-bir.com/lydia/style/fonts/glyphicons-halflings-regulard41d.html]
[themes.iki-bir.com/lydia/style/fonts/glyphicons-halflings-regular-2.html]
[themes.iki-bir.com/lydia/style/fonts/glyphicons-halflings-regular-3.html]
[themes.iki-bir.com/lydia/style/fonts/glyphicons-halflings-regular-4.html]
[themes.iki-bir.com/lydia/style/fonts/glyphicons-halflings-regular-5.html]
[themes.iki-bir.com/lydia/style/css/owl.video.play.html]
[themes.iki-bir.com/lydia/style/images/gradient/g30.html]
[themes.iki-bir.com/lydia/style/images/gradient/g40.html]
[themes.iki-bir.com/lydia/style/assets/shadow1.html]
[themes.iki-bir.com/lydia/style/assets/shadow2.html]
[themes.iki-bir.com/lydia/style/assets/shadow3.html]
[themes.iki-bir.com/lydia/style/assets/gridtile.html]
[themes.iki-bir.com/lydia/style/assets/gridtile_white.html]
[themes.iki-bir.com/lydia/style/assets/gridtile_3x3.html]
[themes.iki-bir.com/lydia/style/assets/gridtile_3x3_white.html]
[themes.iki-bir.com/lydia/style/assets/boxed_bgtile.html]
[themes.iki-bir.com/lydia/style/assets/navigdots_bgtile.html]
[themes.iki-bir.com/lydia/style/assets/bullet.html]
[themes.iki-bir.com/lydia/style/assets/bullets.html]
[themes.iki-bir.com/lydia/style/assets/bullets2.html]
[themes.iki-bir.com/lydia/style/assets/bullet_boxed.html]
[themes.iki-bir.com/lydia/style/assets/navigdots.html]
[themes.iki-bir.com/lydia/style/assets/large_left.html]
[themes.iki-bir.com/lydia/style/assets/large_right.html]
[themes.iki-bir.com/lydia/style/assets/small_left.html]
[themes.iki-bir.com/lydia/style/assets/small_right.html]
[themes.iki-bir.com/lydia/style/assets/arrow_left.html]
[themes.iki-bir.com/lydia/style/assets/arrow_right.html]
[themes.iki-bir.com/lydia/style/assets/small_left_boxed.html]
[themes.iki-bir.com/lydia/style/assets/small_right_boxed.html]
[themes.iki-bir.com/lydia/style/assets/arrowleft.html]
[themes.iki-bir.com/lydia/style/assets/arrowright.html]
[themes.iki-bir.com/lydia/style/assets/arrow_left2.html]
[themes.iki-bir.com/lydia/style/assets/arrow_right2.html]
[themes.iki-bir.com/lydia/style/assets/timer.html]
[themes.iki-bir.com/lydia/style/assets/coloredbg.html]
[themes.iki-bir.com/lydia/style/assets/loader.html]
[themes.iki-bir.com/lydia/style/type/fontello/fontello.svg]
[themes.iki-bir.com/lydia/style/type/fontello/fontello-social.svg]
[themes.iki-bir.com/lydia/style/type/fontello/fontello-circlee8cb.svg]
[themes.iki-bir.com/lydia/style/type/elemis/dia01bc.svg]
[themes.iki-bir.com/lydia/style/type/budicons/budicon.svg]
[themes.iki-bir.com/lydia/ajax/project1.html]
[themes.iki-bir.com/lydia/ajax/project2.html]
[themes.iki-bir.com/lydia/ajax/project3.html]
[themes.iki-bir.com/lydia/ajax/project4.html]
[themes.iki-bir.com/lydia/ajax/project5.html]
[themes.iki-bir.com/lydia/style/images/budicon.jpg]
[themes.iki-bir.com/lydia/ajax/loadmore.html]
[themes.iki-bir.com/lydia/ajax/style/images/art/p14-full.html]
[themes.iki-bir.com/lydia/ajax/style/images/art/p14.html]
[themes.iki-bir.com/lydia/ajax/style/images/art/p15-full.html]
[themes.iki-bir.com/lydia/ajax/style/images/art/p15.html]
[themes.iki-bir.com/lydia/ajax/style/images/art/p16-full.html]
[themes.iki-bir.com/lydia/ajax/style/images/art/p16.html]
[themes.iki-bir.com/lydia/ajax/style/images/art/p17-full.html]
[themes.iki-bir.com/lydia/ajax/style/images/art/p17.html]
[themes.iki-bir.com/lydia/ajax/style/images/art/p18-full.html]
[themes.iki-bir.com/lydia/ajax/style/images/art/p18.html]
[themes.iki-bir.com/lydia/ajax/style/images/art/pg1.html]
[themes.iki-bir.com/lydia/ajax/style/images/art/pg2.html]
[themes.iki-bir.com/lydia/ajax/style/images/art/pg3.html]
[themes.iki-bir.com/lydia/ajax/style/images/art/pg4.html]
[themes.iki-bir.com/lydia/ajax/style/images/art/pg5.html]
[themes.iki-bir.com/lydia/ajax/style/images/art/pg6.html]
[themes.iki-bir.com/lydia/ajax/style/images/art/pg7.html]
[themes.iki-bir.com/lydia/ajax/style/images/art/pg8.html]
[themes.iki-bir.com/lydia/ajax/style/images/art/pg9.html]
[themes.iki-bir.com/lydia/ajax/style/images/art/pg10.html]
[themes.iki-bir.com/lydia/ajax/style/images/art/pg11.html]
[themes.iki-bir.com/lydia/ajax/style/images/art/pg12.html]
[themes.iki-bir.com/lydia/ajax/style/images/art/pg13.html]
[themes.iki-bir.com/lydia/ajax/style/images/art/pg14.html]
[themes.iki-bir.com/lydia/ajax/portfolio-post2.html]
[themes.iki-bir.com/lydia/ajax/portfolio-post3.html]
[themes.iki-bir.com/lydia/ajax/portfolio-post4.html]
[themes.iki-bir.com/lydia/ajax/portfolio-post.html]
